[01.09.2026 13:16:49] ------------ BEGIN log session -------------
[13:16:50] Cannot load sound preset motor.DB-600.start.begin (java.lang.Exception: Invalid preset format)
[13:16:51] Cannot load sound preset motor.DB-600.start.begin (java.lang.Exception: Invalid preset format)
[13:16:52] warning: no files : music/inflight
[13:16:53] INTERNAL ERROR: Texture: Can't load '3DO/Plane/Test/skin.tga'
[13:16:54] INTERNAL ERROR: Material: Can't load 'WheelTire.mat'
[13:16:55] Preload resource 3DO/Plane/Test/hier.him failed: material absent
[13:16:56] com.maddox.rts.SFSException: No such file or directory: fb_sound.sfs
[13:16:57] INTERNAL ERROR: HierMesh: Can't find chunk 'zOilFlap1'
[13:16:58] java.lang.RuntimeException: unknown exception in clouds
[13:16:58]     at com.maddox.il2.engine.EffClouds.PreRender(Native Method)
[13:16:58]     at com.maddox.il2.engine.EffClouds.preRender(EffClouds.java:93)
[13:16:59] java.lang.RuntimeException: unknown exception in clouds
[13:16:59]     at com.maddox.il2.engine.EffClouds.PreRender(Native Method)
[13:16:59]     at com.maddox.il2.engine.EffClouds.preRender(EffClouds.java:93)
[13:17:00] ERROR: renderer initialization failed
[01.09.2026 13:17:01] -------------- END log session -------------
